---
source: crates/parser/tests/test.rs
expression: "parse_html(\"<script>\n        function a() {};\n        console.log(a);\n    </script>\")"

---
{
  "children": [
    {
      "Element": {
        "name": "script",
        "attributes": [],
        "children": [
          {
            "Text": {
              "value": "function a() {};\n        console.log(a);\n    "
            }
          }
        ]
      }
    }
  ]
}
