---
source: crates/parser/tests/test.rs
expression: "parse_html(\"<style>\n        .red {\n            background-color: \\\"red\\\";\n        }\n    </style>\")"

---
{
  "children": [
    {
      "Element": {
        "name": "style",
        "attributes": [],
        "children": [
          {
            "Text": {
              "value": ".red {\n            background-color: \"red\";\n        }\n    "
            }
          }
        ]
      }
    }
  ]
}
